5
13
29
61
125
253
509
1021
2045
4093
8189
16381
32765
